=== PAIR ACCOUNTING — is the alignment exhaustive? ===
  Uthmani tokens                82260
  1:1 aligned pairs             81895
  merge sites (1 Uthmani : k)   365
  pairs + merges                82260   identity holds: True
  team-lead instrument pairs    74740  -> unpaired Uthmani tokens 7155

=== RATIO vs NORMALISATION DEPTH — both instruments reproduced ===
  depth                                letter     mark   ratio
  L0_strip_marks_only                   19062    22021   1.155
  L1_plus_alef_wasla                     6402    11166   1.744
  L2_plus_madda_hamza_alefmadda          4951    10065   2.033
  TEAM LEAD (reported, not adopted)     19138    21793   1.139   on 74740 pairs

  L0 vs team lead: letter 19062 vs 19138 (0.40% apart); ratio 1.155 vs 1.139

=== AL-SUYUTI ANCHOR — every line below was opened and read ===
   23216  naw' heading: al-naw' al-sadis wa-l-sab'un: fi marsum al-khatt wa-adab kitabatihi
          ### | النوع السادس والسبعون: في مرسوم الخط وآداب كتابته
   23255  the six qawa'id sentence
          # قلت، وسنحصر أمر الرسم في الحذف والزيادة والهمز والبدل والفصل، وما فيه
   23257  qa'ida 1: al-hadhf
          # القاعدة الأولى: في الحذف
   23258  hadhf al-alif from ya' al-nida' AND ha' al-tanbih, with named examples
          # تحذف الألف من ياء النداء، نحو: "يأيها الناس"، "يا آدم"، "يارب"،
   23259  continuation: ha'ulа'i, ha antum
          ~~"ياعبادي"، وهاء التنبيه نحو: "هؤلاء"، "ها أنتم"، ونا مع ضمير "أنجيناكم"،
   23336  qa'ida 2: al-ziyada
          # القاعدة الثانية في الزيادة
   23359  qa'ida 3 heading
          # القاعدة الثالثة
   23360  qa'ida 3: fi al-hamz
          # في الهمز
   23397  qa'ida 4 heading
          # القاعدة الرابعة
   23398  qa'ida 4: fi al-badal
          # في البدل
   23417  qa'ida 5 heading
          # القاعدة الخامسة
   23418  qa'ida 5: fi al-wasl wa-l-fasl
          # في الوصل والفصل
   23449  ibn umm, except in Ta-Ha, where the hamza is written as a waw
          # و"يوم هم"،و "لات حين" و "ابن أم" إلا في طه، فكتبت الهمزة حينئذ واوا
   23450  and the hamza of ibn was elided, so it became thus: yabna'umm
          # وحذفت همزة "ابن" فصارت هكذا "يبنؤم"
   23452  qa'ida 6 heading
          # القاعدة السادسة
   23453  qa'ida 6: ma fihi qira'atan
          # فيما فيه قراءتان فكتب على إحداهما
