Q 55 al-Raḥmān: 78 verses
name: الرحمن

v13 raw    : فبأي آلاء ربكما تكذبان
v13 norm   : فباي الا ربكما تكذبان

=== H-83a (refrain count) ===
verse-level exact matches: 31
positions: [13, 16, 18, 21, 23, 25, 28, 30, 32, 34, 36, 38, 40, 42, 45, 47, 49, 51, 53, 55, 57, 59, 61, 63, 65, 67, 69, 71, 73, 75, 77]
verses containing refrain as proper substring (not equal): 0

=== H-83d (first refrain at v13) ===
first refrain position: v13

=== H-83b/c (cross-corpus) ===
distinctive substring (drop opener): الا ربكما تكذبان
verses outside Q55 containing full refrain: 0
verses outside Q55 containing distinctive substring "الا ربكما تكذبان": 0
verses outside Q55 containing "تكذبان" as a token: 0

=== refrain vs non-refrain length ===
refrain     n=31  char-len mean=22.00  sd=0.00  word mean=4.00
non-refrain n=47  char-len mean=26.49  sd=14.51  word mean=4.91
KS char-len: D=0.5532  p=9.91e-06
KS word    : D=0.4681  p=0.0003183

=== block segmentation (refrain-leading) ===
total blocks: 32 (31 refrain-blocks + 1 coda)
  block  0: vv  1-13  content=12  (r13)
  block  1: vv 14-16  content= 2  (r16)
  block  2: vv 17-18  content= 1  (r18)
  block  3: vv 19-21  content= 2  (r21)
  block  4: vv 22-23  content= 1  (r23)
  block  5: vv 24-25  content= 1  (r25)
  block  6: vv 26-28  content= 2  (r28)
  block  7: vv 29-30  content= 1  (r30)
  block  8: vv 31-32  content= 1  (r32)
  block  9: vv 33-34  content= 1  (r34)
  block 10: vv 35-36  content= 1  (r36)
  block 11: vv 37-38  content= 1  (r38)
  block 12: vv 39-40  content= 1  (r40)
  block 13: vv 41-42  content= 1  (r42)
  block 14: vv 43-45  content= 2  (r45)
  block 15: vv 46-47  content= 1  (r47)
  block 16: vv 48-49  content= 1  (r49)
  block 17: vv 50-51  content= 1  (r51)
  block 18: vv 52-53  content= 1  (r53)
  block 19: vv 54-55  content= 1  (r55)
  block 20: vv 56-57  content= 1  (r57)
  block 21: vv 58-59  content= 1  (r59)
  block 22: vv 60-61  content= 1  (r61)
  block 23: vv 62-63  content= 1  (r63)
  block 24: vv 64-65  content= 1  (r65)
  block 25: vv 66-67  content= 1  (r67)
  block 26: vv 68-69  content= 1  (r69)
  block 27: vv 70-71  content= 1  (r71)
  block 28: vv 72-73  content= 1  (r73)
  block 29: vv 74-75  content= 1  (r75)
  block 30: vv 76-77  content= 1  (r77)
  block 31: vv 78-78  content= 1  (CODA)

=== block content bytes (UTF-8) ===

=== H-83f: classical 4-part partition vs random ===
classical partition (refrain count per part): [8, 7, 8, 8]
words per block, by part:
  part A (8 blocks): [39, 11, 4, 7, 4, 6, 10, 11]  mean=11.50  sd=10.74
  part B (7 blocks): [4, 18, 8, 6, 8, 6, 11]  mean=8.71  sd=4.30
  part C (8 blocks): [5, 2, 3, 5, 10, 9, 3, 5]  mean=5.25  sd=2.68
  part D (8 blocks): [3, 1, 3, 4, 3, 4, 6, 6]  mean=3.75  sd=1.56

observed within-part variance (words): 36.4009
random 4-cuts (n=1000): mean=32.2945  median=36.7354  min=8.4710
observed at rank 445/1000, one-sided p (lower) = 0.4456

=== H-83e: sub-refrain n-grams ===
(refrain sub-n-grams to exclude: {'فباي الا ربكما تكذبان', 'فباي الا ربكما', 'الا ربكما تكذبان'})

  n=3: 6 distinct ≥2-occurring n-grams; 4 excluding refrain sub-n-grams
    [2x] لم يطمثهن انس
    [2x] يطمثهن انس قبلهم
    [2x] انس قبلهم ولا
    [2x] قبلهم ولا جان

  n=4: 4 distinct ≥2-occurring n-grams; 3 excluding refrain sub-n-grams
    [2x] لم يطمثهن انس قبلهم
    [2x] يطمثهن انس قبلهم ولا
    [2x] انس قبلهم ولا جان

  n=5: 2 distinct ≥2-occurring n-grams; 2 excluding refrain sub-n-grams
    [2x] لم يطمثهن انس قبلهم ولا
    [2x] يطمثهن انس قبلهم ولا جان

=== high-overlap non-refrain verse pairs in Q55 (Jaccard ≥ 0.5) ===
  v56 ↔ v74  J=0.667
    v56: فيهن قاصرات الطرف لم يطمثهن إنس قبلهم ولا جان
    v74: لم يطمثهن إنس قبلهم ولا جان
  v50 ↔ v66  J=0.500
    v50: فيهما عينان تجريان
    v66: فيهما عينان نضاختان
