[SHA-OK] pre-reg locked: 119753ad7862d66dfead2ff6de1032adee0a824cd7544cd8bc4d6688587508d4
[SHA-OK] 7 frozen inputs verified
[LOAD] 114 surahs, 6236 verses

==============================================================================
GATE A — orthography (prereg §4.1). Reported BEFORE any test statistic.
==============================================================================
   U+0657 [ٗ] -> U+064B [ً] : match= 1195 mismatch=  0 rate=1.0000
   U+065E [ٞ] -> U+064C [ٌ] : match=  580 mismatch=  0 rate=1.0000
   U+0656 [ٖ] -> U+064D [ٍ] : match=  759 mismatch=  0 rate=1.0000
   U+064B [ً] -> U+064B [ً] : match=  270 mismatch=  0 rate=1.0000
   U+064C [ٌ] -> U+064C [ٌ] : match=  179 mismatch=  0 rate=1.0000
   U+064D [ٍ] -> U+064D [ٍ] : match=  242 mismatch=  0 rate=1.0000
   tanwin encoded non-standard: 6643  standard: 1911  non-standard share = 0.777
   GATE A: PASS
   verse-final word, final vowel-bearing mark (recoverability of the citation form):
      short-vowel                       3836  0.6151
      bare(long-vowel/indeclinable)     1233  0.1977
      tanwin                            1069  0.1714
      sukun                               98  0.0157

==============================================================================
GATE B — instrument validation against H-NEW-2240 (prereg §4.4).
==============================================================================
   [PASS] Q18 al-Kahf 110/110 open -A: {'A': 110}
   [PASS] Q112 al-Ikhlas 4/4 -ad: {'aد': 4}
   [PASS] Q108 al-Kawthar 3/3 -ar: {'aر': 3}
   [PASS] Q114 al-Nas 6/6 -As: {'Aس': 6}
   [PASS] Q1 al-Fatiha all in {Im, In}: {'Iم': 3, 'Iن': 4}
   [PASS] Q55 al-Rahman modal -An: modal=[('Aن', 63), ('Aم', 7), ('Aنن', 3)]
   GATE B: 6/6 PASS

##############################################################################
#  RIME DEFINITION R1   (as pre-registered §4.3)
##############################################################################

=== RESULT 1 — CLASS-COLLAPSE MAGNITUDE (reported before the delta) ===
   C    K=  157  K_eff=  14.146   top: [['Uنa', 1656], ['Iنa', 1065], ['aن', 897]]
   P1   K=  116  K_eff=  10.874   top: [['Uن', 1751], ['Iن', 1293], ['A', 1192]]
   P2   K=  115  K_eff=  10.822   top: [['Uن', 1751], ['Iن', 1293], ['A', 1192]]
   P3   K=  213  K_eff=  16.890   top: [['Uن', 1751], ['Iن', 1312], ['Iم', 644]]
   collapse C->P1:  K 157/116 = 1.353x    K_eff 1.301x
   collapse C->P2:  K 157/115 = 1.365x    K_eff 1.307x
   collapse C->P3:  K 157/213 = 0.737x    K_eff 0.838x
   map-violation C->P1: 2 citation types split; 1059 verses (0.1698) sit in a split type
   map-violation C->P2: 2 citation types split; 1059 verses (0.1698) sit in a split type

=== RESULT 2 — MATCHED-COLLAPSE NULLS (the decisive control) ===
   M = 157 distinct citation rime types over 6236 verses
   N1-a — verse-profile-matched null, AS PRE-REGISTERED (§6.2), on raw A:
      P1 [primary seed=20260509] A=0.5353 | null mean=0.4800 sd=0.0089 max=0.6114 | #>=obs=11 p=0.00120 z=+6.20 | profile TV=0.6499
      P1 [replication seed=20260519] A=0.5353 | null mean=0.4800 sd=0.0093 max=0.6170 | #>=obs=13 p=0.00140 z=+5.96 | profile TV=0.6514
      P2 [primary seed=20260509] A=0.5364 | null mean=0.4803 sd=0.0091 max=0.6114 | #>=obs=11 p=0.00120 z=+6.19 | profile TV=0.6450
      P2 [replication seed=20260519] A=0.5364 | null mean=0.4803 sd=0.0094 max=0.6170 | #>=obs=12 p=0.00130 z=+5.97 | profile TV=0.6463
   analytic chance floor sum(p_i^2): C=0.1385  P1=0.1687  P2=0.1688  P3=0.1415
   observed excess over chance floor: C=+0.3311  P1=+0.3666  P2=+0.3677  P3=+0.2944
   N1-b — cardinality-matched null on the EXCESS E = A - sum(p_i^2) (REPAIR-1):
      P1 [primary seed=20260509] E=0.3666 | null E mean=0.3283 sd=0.0101 max=0.3746 | #>=obs=70 p=0.00710 z=+3.79 | null A=0.4741
      P1 [replication seed=20260519] E=0.3666 | null E mean=0.3284 sd=0.0097 max=0.3714 | #>=obs=53 p=0.00540 z=+3.94 | null A=0.4738
      P2 [primary seed=20260509] E=0.3677 | null E mean=0.3282 sd=0.0104 max=0.3754 | #>=obs=64 p=0.00650 z=+3.79 | null A=0.4744
      P2 [replication seed=20260519] E=0.3677 | null E mean=0.3282 sd=0.0101 max=0.3719 | #>=obs=47 p=0.00480 z=+3.92 | null A=0.4740

=== RESULT 3 — THE DELTA ===
   A(C) = 0.4696   (2875/6122 adjacent pairs)
   A(P1) = 0.5353   (3277/6122 adjacent pairs)   Δ vs C = +0.0657
   A(P2) = 0.5364   (3284/6122 adjacent pairs)   Δ vs C = +0.0668
   A(P3) = 0.4360   (2669/6122 adjacent pairs)   Δ vs C = -0.0336

=== RESULT 4 — pseudo-fāṣila re-cut control (within-corpus, no baseline) ===
      P1 [primary seed=20260509] Δ_obs=+0.0657 | re-cut mean=+0.0161 sd=0.0024 max=+0.0230 | #>=obs=0 p=0.00050 z=+21.03 | boundary coincidence=0.1284
      P1 [replication seed=20260519] Δ_obs=+0.0657 | re-cut mean=+0.0161 sd=0.0024 max=+0.0240 | #>=obs=0 p=0.00050 z=+20.89 | boundary coincidence=0.1287
      P2 [primary seed=20260509] Δ_obs=+0.0668 | re-cut mean=+0.0175 sd=0.0024 max=+0.0243 | #>=obs=0 p=0.00050 z=+20.52 | boundary coincidence=0.1284
      P2 [replication seed=20260519] Δ_obs=+0.0668 | re-cut mean=+0.0174 sd=0.0024 max=+0.0248 | #>=obs=0 p=0.00050 z=+20.52 | boundary coincidence=0.1287

=== RESULT 5 — POSITIVE CONTROL: pre-Islamic poetry ===
   rime-region readability (no unwritten internal vowel in the rime): Qur'ān = 0.9968
   Imru' al-Qays      n=  78 readable=0.949 | ALL: A(C)=0.4156 A(P1)=0.4545 Δ=+0.0390 | READABLE (n= 71): A(C)=0.4507 A(P1)=0.4930 Δ=+0.0423
   Zuhayr             n=  62 readable=1.000 | ALL: A(C)=0.5082 A(P1)=0.5082 Δ=+0.0000 | READABLE (n= 61): A(C)=0.5082 A(P1)=0.5082 Δ=+0.0000
   'Amr b. Kulthum    n= 103 readable=1.000 | ALL: A(C)=0.9804 A(P1)=1.0000 Δ=+0.0196 | READABLE (n=102): A(C)=0.9804 A(P1)=1.0000 Δ=+0.0196
   POOLED, ALL pairs      (n=240): A(C)=0.6792 A(P1)=0.7000 Δ=+0.0208
   POOLED, READABLE pairs (n=234): A(C)=0.6966 A(P1)=0.7179 Δ(P1)=+0.0214 Δ(P2)=+0.0214  <- primary
   Qur'ān                 (n=6122): A(C)=0.4696 A(P1)=0.5353 Δ(P1)=+0.0657
   D4b P1: Δ_Qurʾān − Δ_poetry = +0.0443  p=0.02570  (rep p=0.02380)
   D4b P2: Δ_Qurʾān − Δ_poetry = +0.0454  p=0.02330  (rep p=0.02160)

=== RESULT 7 — PER-SURAH ===
   LARGEST Δ (pausal reduction rescues the rhyme):
      Q108 Al-Kawthar         n=   3 A(C)=0.000 A(P1)=1.000 Δ=+1.000 K_C=  3->K_P1=  1
      Q112 Al-Ikhlas          n=   4 A(C)=0.000 A(P1)=1.000 Δ=+1.000 K_C=  3->K_P1=  1
      Q105 Al-Fil             n=   5 A(C)=0.000 A(P1)=0.750 Δ=+0.750 K_C=  4->K_P1=  2
      Q104 Al-Humazah         n=   9 A(C)=0.250 A(P1)=0.750 Δ=+0.500 K_C=  5->K_P1=  2
      Q110 An-Nasr            n=   3 A(C)=0.000 A(P1)=0.500 Δ=+0.500 K_C=  3->K_P1=  2
      Q111 Al-Masad           n=   5 A(C)=0.000 A(P1)=0.500 Δ=+0.500 K_C=  5->K_P1=  3
      Q113 Al-Falaq           n=   5 A(C)=0.000 A(P1)=0.500 Δ=+0.500 K_C=  5->K_P1=  3
      Q 90 Al-Balad           n=  20 A(C)=0.421 A(P1)=0.789 Δ=+0.368 K_C=  9->K_P1=  4
      Q 55 Ar-Rahman          n=  78 A(C)=0.312 A(P1)=0.675 Δ=+0.364 K_C=  9->K_P1=  7
      Q 74 Al-Muddaththir     n=  56 A(C)=0.327 A(P1)=0.655 Δ=+0.327 K_C= 18->K_P1= 11
      Q 86 At-Tariq           n=  17 A(C)=0.062 A(P1)=0.375 Δ=+0.312 K_C= 13->K_P1=  9
      Q 85 Al-Buruj           n=  22 A(C)=0.143 A(P1)=0.429 Δ=+0.286 K_C= 12->K_P1=  8
   SMALLEST / NEGATIVE Δ:
      Q 58 Al-Mujadila        n=  22 A(C)=0.571 A(P1)=0.238 Δ=-0.333 K_C=  4->K_P1=  7
      Q 97 Al-Qadr            n=   5 A(C)=0.500 A(P1)=0.250 Δ=-0.250 K_C=  3->K_P1=  4
      Q 49 Al-Hujurat         n=  18 A(C)=0.176 A(P1)=0.059 Δ=-0.118 K_C=  3->K_P1=  4
      Q100 Al-'Adiyat         n=  11 A(C)=0.700 A(P1)=0.600 Δ=-0.100 K_C=  4->K_P1=  5
      Q 11 Hud                n= 123 A(C)=0.426 A(P1)=0.344 Δ=-0.082 K_C= 12->K_P1= 18
      Q 41 Fussilat           n=  54 A(C)=0.491 A(P1)=0.453 Δ=-0.038 K_C= 10->K_P1= 14
      Q 81 At-Takwir          n=  29 A(C)=0.679 A(P1)=0.643 Δ=-0.036 K_C=  8->K_P1=  5
      Q 42 Ash-Shuraa         n=  53 A(C)=0.269 A(P1)=0.250 Δ=-0.019 K_C= 16->K_P1= 13
      Q 30 Ar-Rum             n=  60 A(C)=0.542 A(P1)=0.542 Δ=+0.000 K_C=  7->K_P1=  6
      Q 32 As-Sajdah          n=  30 A(C)=0.621 A(P1)=0.621 Δ=+0.000 K_C=  6->K_P1=  5
      Q 39 Az-Zumar           n=  75 A(C)=0.459 A(P1)=0.459 Δ=+0.000 K_C= 15->K_P1= 10
      Q 45 Al-Jathiyah        n=  37 A(C)=0.472 A(P1)=0.472 Δ=+0.000 K_C=  8->K_P1=  4
   Δ<0: 8   Δ=0: 22   Δ>0: 84

##############################################################################
#  RIME DEFINITION R2   (tanwin-transparent repair)
##############################################################################

=== RESULT 1 — CLASS-COLLAPSE MAGNITUDE (reported before the delta) ===
   C    K=  397  K_eff=  37.029   top: [['Uنa', 1656], ['Iنa', 1065], ['A', 295]]
   P1   K=  116  K_eff=  10.874   top: [['Uن', 1751], ['Iن', 1293], ['A', 1192]]
   P2   K=  115  K_eff=  10.822   top: [['Uن', 1751], ['Iن', 1293], ['A', 1192]]
   P3   K=  213  K_eff=  16.890   top: [['Uن', 1751], ['Iن', 1312], ['Iم', 644]]
   collapse C->P1:  K 397/116 = 3.422x    K_eff 3.405x
   collapse C->P2:  K 397/115 = 3.452x    K_eff 3.421x
   collapse C->P3:  K 397/213 = 1.864x    K_eff 2.192x
   map-violation C->P1: 0 citation types split; 0 verses (0.0000) sit in a split type
   map-violation C->P2: 0 citation types split; 0 verses (0.0000) sit in a split type

=== RESULT 2 — MATCHED-COLLAPSE NULLS (the decisive control) ===
   M = 397 distinct citation rime types over 6236 verses
   N1-a — verse-profile-matched null, AS PRE-REGISTERED (§6.2), on raw A:
      P1 [primary seed=20260509] A=0.5353 | null mean=0.4252 sd=0.0200 max=0.5742 | #>=obs=57 p=0.00580 z=+5.49 | profile TV=0.3276
      P1 [replication seed=20260519] A=0.5353 | null mean=0.4249 sd=0.0195 max=0.5688 | #>=obs=49 p=0.00500 z=+5.66 | profile TV=0.3281
      P2 [primary seed=20260509] A=0.5364 | null mean=0.4256 sd=0.0201 max=0.5742 | #>=obs=54 p=0.00550 z=+5.52 | profile TV=0.3264
      P2 [replication seed=20260519] A=0.5364 | null mean=0.4253 sd=0.0196 max=0.5724 | #>=obs=49 p=0.00500 z=+5.67 | profile TV=0.3269
   analytic chance floor sum(p_i^2): C=0.1068  P1=0.1687  P2=0.1688  P3=0.1415
   observed excess over chance floor: C=+0.2416  P1=+0.3666  P2=+0.3677  P3=+0.2944
   N1-b — cardinality-matched null on the EXCESS E = A - sum(p_i^2) (REPAIR-1):
      P1 [primary seed=20260509] E=0.3666 | null E mean=0.2060 sd=0.0365 max=0.2989 | #>=obs=0 p=0.00010 z=+4.40 | null A=0.4458
      P1 [replication seed=20260519] E=0.3666 | null E mean=0.2058 sd=0.0363 max=0.3029 | #>=obs=0 p=0.00010 z=+4.43 | null A=0.4468
      P2 [primary seed=20260509] E=0.3677 | null E mean=0.2059 sd=0.0365 max=0.2990 | #>=obs=0 p=0.00010 z=+4.43 | null A=0.4459
      P2 [replication seed=20260519] E=0.3677 | null E mean=0.2058 sd=0.0362 max=0.3027 | #>=obs=0 p=0.00010 z=+4.47 | null A=0.4469

=== RESULT 3 — THE DELTA ===
   A(C) = 0.3484   (2133/6122 adjacent pairs)
   A(P1) = 0.5353   (3277/6122 adjacent pairs)   Δ vs C = +0.1869
   A(P2) = 0.5364   (3284/6122 adjacent pairs)   Δ vs C = +0.1880
   A(P3) = 0.4360   (2669/6122 adjacent pairs)   Δ vs C = +0.0876

=== RESULT 4 — pseudo-fāṣila re-cut control (within-corpus, no baseline) ===
      P1 [primary seed=20260509] Δ_obs=+0.1869 | re-cut mean=+0.0284 sd=0.0022 max=+0.0354 | #>=obs=0 p=0.00050 z=+70.67 | boundary coincidence=0.1284
      P1 [replication seed=20260519] Δ_obs=+0.1869 | re-cut mean=+0.0284 sd=0.0023 max=+0.0356 | #>=obs=0 p=0.00050 z=+70.09 | boundary coincidence=0.1287
      P2 [primary seed=20260509] Δ_obs=+0.1880 | re-cut mean=+0.0297 sd=0.0023 max=+0.0379 | #>=obs=0 p=0.00050 z=+69.05 | boundary coincidence=0.1284
      P2 [replication seed=20260519] Δ_obs=+0.1880 | re-cut mean=+0.0298 sd=0.0023 max=+0.0374 | #>=obs=0 p=0.00050 z=+69.45 | boundary coincidence=0.1287

=== RESULT 5 — POSITIVE CONTROL: pre-Islamic poetry ===
   rime-region readability (no unwritten internal vowel in the rime): Qur'ān = 0.9962
   Imru' al-Qays      n=  78 readable=0.949 | ALL: A(C)=0.4156 A(P1)=0.4545 Δ=+0.0390 | READABLE (n= 71): A(C)=0.4507 A(P1)=0.4930 Δ=+0.0423
   Zuhayr             n=  62 readable=1.000 | ALL: A(C)=0.5082 A(P1)=0.5082 Δ=+0.0000 | READABLE (n= 61): A(C)=0.5082 A(P1)=0.5082 Δ=+0.0000
   'Amr b. Kulthum    n= 103 readable=1.000 | ALL: A(C)=0.9804 A(P1)=1.0000 Δ=+0.0196 | READABLE (n=102): A(C)=0.9804 A(P1)=1.0000 Δ=+0.0196
   POOLED, ALL pairs      (n=240): A(C)=0.6792 A(P1)=0.7000 Δ=+0.0208
   POOLED, READABLE pairs (n=234): A(C)=0.6966 A(P1)=0.7179 Δ(P1)=+0.0214 Δ(P2)=+0.0214  <- primary
   Qur'ān                 (n=6122): A(C)=0.3484 A(P1)=0.5353 Δ(P1)=+0.1869
   D4b P1: Δ_Qurʾān − Δ_poetry = +0.1655  p=0.00010  (rep p=0.00010)
   D4b P2: Δ_Qurʾān − Δ_poetry = +0.1666  p=0.00010  (rep p=0.00010)

=== RESULT 7 — PER-SURAH ===
   LARGEST Δ (pausal reduction rescues the rhyme):
      Q 65 At-Talaq           n=  12 A(C)=0.000 A(P1)=1.000 Δ=+1.000 K_C=  9->K_P1=  1
      Q108 Al-Kawthar         n=   3 A(C)=0.000 A(P1)=1.000 Δ=+1.000 K_C=  3->K_P1=  1
      Q112 Al-Ikhlas          n=   4 A(C)=0.000 A(P1)=1.000 Δ=+1.000 K_C=  3->K_P1=  1
      Q 18 Al-Kahf            n= 110 A(C)=0.110 A(P1)=1.000 Δ=+0.890 K_C= 53->K_P1=  1
      Q 48 Al-Fath            n=  29 A(C)=0.179 A(P1)=1.000 Δ=+0.821 K_C=  9->K_P1=  1
      Q 33 Al-Ahzab           n=  73 A(C)=0.167 A(P1)=0.972 Δ=+0.806 K_C= 17->K_P1=  2
      Q105 Al-Fil             n=   5 A(C)=0.000 A(P1)=0.750 Δ=+0.750 K_C=  4->K_P1=  2
      Q  4 An-Nisa            n= 176 A(C)=0.194 A(P1)=0.943 Δ=+0.749 K_C= 28->K_P1=  5
      Q 17 Al-Isra            n= 111 A(C)=0.273 A(P1)=0.991 Δ=+0.718 K_C= 20->K_P1=  2
      Q 76 Al-Insan           n=  31 A(C)=0.300 A(P1)=1.000 Δ=+0.700 K_C=  5->K_P1=  1
      Q 25 Al-Furqan          n=  77 A(C)=0.342 A(P1)=0.974 Δ=+0.632 K_C= 11->K_P1=  2
      Q 72 Al-Jinn            n=  28 A(C)=0.481 A(P1)=1.000 Δ=+0.519 K_C=  7->K_P1=  1
   SMALLEST / NEGATIVE Δ:
      Q 30 Ar-Rum             n=  60 A(C)=0.542 A(P1)=0.542 Δ=+0.000 K_C=  7->K_P1=  6
      Q 32 As-Sajdah          n=  30 A(C)=0.621 A(P1)=0.621 Δ=+0.000 K_C=  6->K_P1=  5
      Q 47 Muhammad           n=  38 A(C)=0.892 A(P1)=0.892 Δ=+0.000 K_C=  2->K_P1=  2
      Q 49 Al-Hujurat         n=  18 A(C)=0.059 A(P1)=0.059 Δ=+0.000 K_C=  4->K_P1=  4
      Q 58 Al-Mujadila        n=  22 A(C)=0.238 A(P1)=0.238 Δ=+0.000 K_C=  9->K_P1=  7
      Q 59 Al-Hashr           n=  24 A(C)=0.391 A(P1)=0.391 Δ=+0.000 K_C=  7->K_P1=  6
      Q 63 Al-Munafiqun       n=  11 A(C)=0.600 A(P1)=0.600 Δ=+0.000 K_C=  2->K_P1=  2
      Q 87 Al-A'la            n=  19 A(C)=1.000 A(P1)=1.000 Δ=+0.000 K_C=  1->K_P1=  1
      Q 91 Ash-Shams          n=  15 A(C)=1.000 A(P1)=1.000 Δ=+0.000 K_C=  1->K_P1=  1
      Q 92 Al-Layl            n=  21 A(C)=1.000 A(P1)=1.000 Δ=+0.000 K_C=  1->K_P1=  1
      Q 93 Ad-Duhaa           n=  11 A(C)=0.800 A(P1)=0.800 Δ=+0.000 K_C=  3->K_P1=  3
      Q 94 Ash-Sharh          n=   8 A(C)=0.714 A(P1)=0.714 Δ=+0.000 K_C=  3->K_P1=  3
   Δ<0: 0   Δ=0: 20   Δ>0: 94

==============================================================================
RESULT 6 — NEGATIVE CONTROL: prose. PARTIALLY BLOCKED (prereg §6.5).
==============================================================================
   al-Bukhari   arabic=  2056880 harakat=     0 ratio=0.00000  -> citation form NOT RECOVERABLE; Δ NOT COMPUTABLE
   al-Jahiz     arabic=  1422374 harakat=     0 ratio=0.00000  -> citation form NOT RECOVERABLE; Δ NOT COMPUTABLE
   Level comparison on the SKELETON instrument (h-new-2240 classify), length-matched.
      Qur'ān A(skeleton) = 0.5521
      al-Bukhari   A(skeleton), 200 matched cuts: mean=0.0849 sd=0.0044 max=0.0944 | Qur'ān percentile 1.000
      al-Jahiz     A(skeleton), 200 matched cuts: mean=0.0754 sd=0.0036 max=0.0869 | Qur'ān percentile 1.000
      poetry A(skeleton) = 0.8917  (n_pairs=240)

==============================================================================
VERDICT — logic diffed against prereg §8, printed before declaration.
==============================================================================
   prereg §8 grid, verbatim:
     D2 passes under BOTH P1 and P2 AND D3 passes under both -> PASS
     D2 passes under both but D3 fails                        -> PARTIAL
     D2 FAILS under either P1 or P2                           -> NULL (arithmetic); leads
     D1 reverses                                              -> REVERSED
   D2 is now the CONJUNCTION of D2a (N1-a, as pre-registered) and D2b (N1-b repair),
   and every test is required under BOTH rime definitions R1 and R2.
   Bonferroni k = 16  ->  alpha = 0.003125

   --- R1 ---
   D1  Δ>0 under P1 and P2   : True   (Δ_P1=+0.0657, Δ_P2=+0.0668)
   D2a A(P1) > N1-a null     : True   p=0.00120
   D2a A(P2) > N1-a null     : True   p=0.00120
   D2b E(P1) > N1-b null     : False   p=0.00710
   D2b E(P2) > N1-b null     : False   p=0.00650
   D3  Δ > Δ_recut (P1)      : True   p=0.00050
   D3  Δ > Δ_recut (P2)      : True   p=0.00050
   D4a A(C)_poetry > A(C)_Qurʾān : True   (0.6966 vs 0.4696)
   D4b Δ_Qurʾān > Δ_poetry (P1): False   p=0.02570
   D4b Δ_Qurʾān > Δ_poetry (P2): False   p=0.02330

   --- R2 ---
   D1  Δ>0 under P1 and P2   : True   (Δ_P1=+0.1869, Δ_P2=+0.1880)
   D2a A(P1) > N1-a null     : False   p=0.00580
   D2a A(P2) > N1-a null     : False   p=0.00550
   D2b E(P1) > N1-b null     : True   p=0.00010
   D2b E(P2) > N1-b null     : True   p=0.00010
   D3  Δ > Δ_recut (P1)      : True   p=0.00050
   D3  Δ > Δ_recut (P2)      : True   p=0.00050
   D4a A(C)_poetry > A(C)_Qurʾān : True   (0.6966 vs 0.3484)
   D4b Δ_Qurʾān > Δ_poetry (P1): True   p=0.00010
   D4b Δ_Qurʾān > Δ_poetry (P2): True   p=0.00010

   verdict under R1: NULL — the gain is arithmetic
   verdict under R2: NULL — the gain is arithmetic

   VERDICT: NULL — the gain is arithmetic
